<?xml version="1.0" encoding="ISO-8859-1" ?>
<link_info>
   <banner>TI ARM Linker PC v20.2.0.LTS</banner>
   <copyright>Copyright (c) 1996-2018 Texas Instruments Incorporated</copyright>
   <link_time>0x5eadb443</link_time>
   <link_errors>0x0</link_errors>
   <output_file>usb_dev_gamepad.out</output_file>
   <entry_point>
      <name>_c_int00_noargs</name>
      <address>0x2f91</address>
   </entry_point>
   <input_file_list>
      <input_file id="fl-2">
         <path>.\</path>
         <kind>object</kind>
         <file>startup_ccs.obj</file>
         <name>startup_ccs.obj</name>
      </input_file>
      <input_file id="fl-3">
         <path>.\</path>
         <kind>object</kind>
         <file>usb_dev_gamepad.obj</file>
         <name>usb_dev_gamepad.obj</name>
      </input_file>
      <input_file id="fl-4">
         <path>.\</path>
         <kind>object</kind>
         <file>usb_gamepad_structs.obj</file>
         <name>usb_gamepad_structs.obj</name>
      </input_file>
      <input_file id="fl-5">
         <path>.\drivers\</path>
         <kind>object</kind>
         <file>buttons.obj</file>
         <name>buttons.obj</name>
      </input_file>
      <input_file id="fl-6">
         <path>.\utils\</path>
         <kind>object</kind>
         <file>uartstdio.obj</file>
         <name>uartstdio.obj</name>
      </input_file>
      <input_file id="fl-c">
         <kind>object</kind>
         <file>&lt;internal&gt;</file>
         <name>&lt;internal&gt;</name>
      </input_file>
      <input_file id="fl-c2">
         <path>C:\ti\ccs1000\ccs\tools\compiler\ti-cgt-arm_20.2.0.LTS\lib\</path>
         <kind>archive</kind>
         <file>rtsv7M4_T_le_v4SPD16_eabi.lib</file>
         <name>u_divt2.asm.obj</name>
      </input_file>
      <input_file id="fl-c3">
         <path>C:\ti\ccs1000\ccs\tools\compiler\ti-cgt-arm_20.2.0.LTS\lib\</path>
         <kind>archive</kind>
         <file>rtsv7M4_T_le_v4SPD16_eabi.lib</file>
         <name>copy_zero_init.c.obj</name>
      </input_file>
      <input_file id="fl-c4">
         <path>C:\ti\ccs1000\ccs\tools\compiler\ti-cgt-arm_20.2.0.LTS\lib\</path>
         <kind>archive</kind>
         <file>rtsv7M4_T_le_v4SPD16_eabi.lib</file>
         <name>copy_decompress_none.c.obj</name>
      </input_file>
      <input_file id="fl-c5">
         <path>C:\ti\ccs1000\ccs\tools\compiler\ti-cgt-arm_20.2.0.LTS\lib\</path>
         <kind>archive</kind>
         <file>rtsv7M4_T_le_v4SPD16_eabi.lib</file>
         <name>copy_decompress_lzss.c.obj</name>
      </input_file>
      <input_file id="fl-c6">
         <path>C:\ti\ccs1000\ccs\tools\compiler\ti-cgt-arm_20.2.0.LTS\lib\</path>
         <kind>archive</kind>
         <file>rtsv7M4_T_le_v4SPD16_eabi.lib</file>
         <name>boot_cortex_m.c.obj</name>
      </input_file>
      <input_file id="fl-c7">
         <path>C:\ti\ccs1000\ccs\tools\compiler\ti-cgt-arm_20.2.0.LTS\lib\</path>
         <kind>archive</kind>
         <file>rtsv7M4_T_le_v4SPD16_eabi.lib</file>
         <name>div0.asm.obj</name>
      </input_file>
      <input_file id="fl-c8">
         <path>C:\ti\ccs1000\ccs\tools\compiler\ti-cgt-arm_20.2.0.LTS\lib\</path>
         <kind>archive</kind>
         <file>rtsv7M4_T_le_v4SPD16_eabi.lib</file>
         <name>memcpy_t2.asm.obj</name>
      </input_file>
      <input_file id="fl-c9">
         <path>C:\ti\ccs1000\ccs\tools\compiler\ti-cgt-arm_20.2.0.LTS\lib\</path>
         <kind>archive</kind>
         <file>rtsv7M4_T_le_v4SPD16_eabi.lib</file>
         <name>memset_t2.asm.obj</name>
      </input_file>
      <input_file id="fl-ca">
         <path>C:\ti\ccs1000\ccs\tools\compiler\ti-cgt-arm_20.2.0.LTS\lib\</path>
         <kind>archive</kind>
         <file>rtsv7M4_T_le_v4SPD16_eabi.lib</file>
         <name>autoinit.c.obj</name>
      </input_file>
      <input_file id="fl-cb">
         <path>C:\ti\ccs1000\ccs\tools\compiler\ti-cgt-arm_20.2.0.LTS\lib\</path>
         <kind>archive</kind>
         <file>rtsv7M4_T_le_v4SPD16_eabi.lib</file>
         <name>pre_init.c.obj</name>
      </input_file>
      <input_file id="fl-cc">
         <path>C:\ti\ccs1000\ccs\tools\compiler\ti-cgt-arm_20.2.0.LTS\lib\</path>
         <kind>archive</kind>
         <file>rtsv7M4_T_le_v4SPD16_eabi.lib</file>
         <name>cpy_tbl.c.obj</name>
      </input_file>
      <input_file id="fl-cd">
         <path>C:\ti\ccs1000\ccs\tools\compiler\ti-cgt-arm_20.2.0.LTS\lib\</path>
         <kind>archive</kind>
         <file>rtsv7M4_T_le_v4SPD16_eabi.lib</file>
         <name>exit.c.obj</name>
      </input_file>
      <input_file id="fl-ce">
         <path>C:\ti\ccs1000\ccs\tools\compiler\ti-cgt-arm_20.2.0.LTS\lib\</path>
         <kind>archive</kind>
         <file>rtsv7M4_T_le_v4SPD16_eabi.lib</file>
         <name>_lock.c.obj</name>
      </input_file>
      <input_file id="fl-cf">
         <path>C:\ti\ccs1000\ccs\tools\compiler\ti-cgt-arm_20.2.0.LTS\lib\</path>
         <kind>archive</kind>
         <file>rtsv7M4_T_le_v4SPD16_eabi.lib</file>
         <name>args_main.c.obj</name>
      </input_file>
      <input_file id="fl-d0">
         <path>C:\ti\tivaware_c_series_2_1_4_178\driverlib\ccs\Debug\</path>
         <kind>archive</kind>
         <file>driverlib.lib</file>
         <name>adc.obj</name>
      </input_file>
      <input_file id="fl-d1">
         <path>C:\ti\tivaware_c_series_2_1_4_178\driverlib\ccs\Debug\</path>
         <kind>archive</kind>
         <file>driverlib.lib</file>
         <name>interrupt.obj</name>
      </input_file>
      <input_file id="fl-d2">
         <path>C:\ti\tivaware_c_series_2_1_4_178\driverlib\ccs\Debug\</path>
         <kind>archive</kind>
         <file>driverlib.lib</file>
         <name>sysctl.obj</name>
      </input_file>
      <input_file id="fl-d3">
         <path>C:\ti\tivaware_c_series_2_1_4_178\driverlib\ccs\Debug\</path>
         <kind>archive</kind>
         <file>driverlib.lib</file>
         <name>uart.obj</name>
      </input_file>
      <input_file id="fl-d4">
         <path>C:\ti\tivaware_c_series_2_1_4_178\driverlib\ccs\Debug\</path>
         <kind>archive</kind>
         <file>driverlib.lib</file>
         <name>cpu.obj</name>
      </input_file>
      <input_file id="fl-d5">
         <path>C:\ti\tivaware_c_series_2_1_4_178\usblib\ccs\Debug\</path>
         <kind>archive</kind>
         <file>usblib.lib</file>
         <name>usbmode.obj</name>
      </input_file>
      <input_file id="fl-d6">
         <path>C:\ti\tivaware_c_series_2_1_4_178\usblib\ccs\Debug\</path>
         <kind>archive</kind>
         <file>usblib.lib</file>
         <name>usbtick.obj</name>
      </input_file>
      <input_file id="fl-d7">
         <path>C:\ti\tivaware_c_series_2_1_4_178\usblib\ccs\Debug\</path>
         <kind>archive</kind>
         <file>usblib.lib</file>
         <name>usbhostenum.obj</name>
      </input_file>
      <input_file id="fl-d8">
         <path>C:\ti\tivaware_c_series_2_1_4_178\usblib\ccs\Debug\</path>
         <kind>archive</kind>
         <file>usblib.lib</file>
         <name>usbdenum.obj</name>
      </input_file>
      <input_file id="fl-d9">
         <path>C:\ti\tivaware_c_series_2_1_4_178\usblib\ccs\Debug\</path>
         <kind>archive</kind>
         <file>usblib.lib</file>
         <name>usbdhandler.obj</name>
      </input_file>
      <input_file id="fl-da">
         <path>C:\ti\tivaware_c_series_2_1_4_178\usblib\ccs\Debug\</path>
         <kind>archive</kind>
         <file>usblib.lib</file>
         <name>usbdhidgamepad.obj</name>
      </input_file>
      <input_file id="fl-db">
         <path>C:\ti\tivaware_c_series_2_1_4_178\usblib\ccs\Debug\</path>
         <kind>archive</kind>
         <file>usblib.lib</file>
         <name>usbdesc.obj</name>
      </input_file>
      <input_file id="fl-dc">
         <path>C:\ti\tivaware_c_series_2_1_4_178\usblib\ccs\Debug\</path>
         <kind>archive</kind>
         <file>usblib.lib</file>
         <name>usbdma.obj</name>
      </input_file>
      <input_file id="fl-dd">
         <path>C:\ti\tivaware_c_series_2_1_4_178\usblib\ccs\Debug\</path>
         <kind>archive</kind>
         <file>usblib.lib</file>
         <name>usbulpi.obj</name>
      </input_file>
      <input_file id="fl-de">
         <path>C:\ti\tivaware_c_series_2_1_4_178\usblib\ccs\Debug\</path>
         <kind>archive</kind>
         <file>usblib.lib</file>
         <name>usbhhub.obj</name>
      </input_file>
      <input_file id="fl-df">
         <path>C:\ti\tivaware_c_series_2_1_4_178\usblib\ccs\Debug\</path>
         <kind>archive</kind>
         <file>usblib.lib</file>
         <name>usbdcdesc.obj</name>
      </input_file>
      <input_file id="fl-e0">
         <path>C:\ti\tivaware_c_series_2_1_4_178\usblib\ccs\Debug\</path>
         <kind>archive</kind>
         <file>usblib.lib</file>
         <name>usbdconfig.obj</name>
      </input_file>
      <input_file id="fl-e1">
         <path>C:\ti\tivaware_c_series_2_1_4_178\usblib\ccs\Debug\</path>
         <kind>archive</kind>
         <file>usblib.lib</file>
         <name>usbdhid.obj</name>
      </input_file>
      <input_file id="fl-e2">
         <path>C:\ti\tivaware_c_series_2_1_4_178\driverlib\ccs\Debug\</path>
         <kind>archive</kind>
         <file>driverlib.lib</file>
         <name>udma.obj</name>
      </input_file>
      <input_file id="fl-e3">
         <path>C:\ti\tivaware_c_series_2_1_4_178\driverlib\ccs\Debug\</path>
         <kind>archive</kind>
         <file>driverlib.lib</file>
         <name>usb.obj</name>
      </input_file>
   </input_file_list>
   <object_component_list>
      <object_component id="oc-12">
         <name>.intvecs</name>
         <load_address>0x0</load_address>
         <run_address>0x0</run_address>
         <size>0x26c</size>
         <input_file_ref idref="fl-2"/>
      </object_component>
      <object_component id="oc-f5">
         <name>.text:main</name>
         <load_address>0x26c</load_address>
         <run_address>0x26c</run_address>
         <size>0x21c</size>
         <input_file_ref idref="fl-3"/>
      </object_component>
      <object_component id="oc-27d">
         <name>.text:UARTvprintf</name>
         <load_address>0x488</load_address>
         <run_address>0x488</run_address>
         <size>0x1ee</size>
         <input_file_ref idref="fl-6"/>
      </object_component>
      <object_component id="oc-33">
         <name>.text:FaultISR</name>
         <load_address>0x676</load_address>
         <run_address>0x676</run_address>
         <size>0x2</size>
         <input_file_ref idref="fl-2"/>
      </object_component>
      <object_component id="oc-3f">
         <name>.text:UARTStdioIntHandler</name>
         <load_address>0x678</load_address>
         <run_address>0x678</run_address>
         <size>0x160</size>
         <input_file_ref idref="fl-6"/>
      </object_component>
      <object_component id="oc-4e2">
         <name>.text:USBLibDMAInit</name>
         <load_address>0x7d8</load_address>
         <run_address>0x7d8</run_address>
         <size>0x160</size>
         <input_file_ref idref="fl-dc"/>
      </object_component>
      <object_component id="oc-396">
         <name>.text:USBDCDInit</name>
         <load_address>0x938</load_address>
         <run_address>0x938</run_address>
         <size>0x150</size>
         <input_file_ref idref="fl-d8"/>
      </object_component>
      <object_component id="oc-250">
         <name>.text:USBDEP0StateTxConfig</name>
         <load_address>0xa88</load_address>
         <run_address>0xa88</run_address>
         <size>0x150</size>
         <input_file_ref idref="fl-d8"/>
      </object_component>
      <object_component id="oc-c1">
         <name>.text:USBDeviceIntHandlerInternal</name>
         <load_address>0xbd8</load_address>
         <run_address>0xbd8</run_address>
         <size>0x150</size>
         <input_file_ref idref="fl-d8"/>
      </object_component>
      <object_component id="oc-539">
         <name>.text:USBDeviceConfig</name>
         <load_address>0xd28</load_address>
         <run_address>0xd28</run_address>
         <size>0x148</size>
         <input_file_ref idref="fl-e0"/>
      </object_component>
      <object_component id="oc-569">
         <name>.text:HandleRequest</name>
         <load_address>0xe70</load_address>
         <run_address>0xe70</run_address>
         <size>0x114</size>
         <input_file_ref idref="fl-e1"/>
      </object_component>
      <object_component id="oc-652">
         <name>.text:iDMAUSBTransfer</name>
         <load_address>0xf84</load_address>
         <run_address>0xf84</run_address>
         <size>0xf4</size>
         <input_file_ref idref="fl-dc"/>
      </object_component>
      <object_component id="oc-425">
         <name>.text:USBDGetDescriptor</name>
         <load_address>0x1078</load_address>
         <run_address>0x1078</run_address>
         <size>0xe4</size>
         <input_file_ref idref="fl-d8"/>
      </object_component>
      <object_component id="oc-380">
         <name>.text:USBDHIDCompositeInit</name>
         <load_address>0x115c</load_address>
         <run_address>0x115c</run_address>
         <size>0xe0</size>
         <input_file_ref idref="fl-e1"/>
      </object_component>
      <object_component id="oc-143">
         <name>.text:USBDeviceEnumHandler</name>
         <load_address>0x123c</load_address>
         <run_address>0x123c</run_address>
         <size>0xd8</size>
         <input_file_ref idref="fl-d8"/>
      </object_component>
      <object_component id="oc-5e0">
         <name>.text:uDMAUSBChannelAllocate</name>
         <load_address>0x1314</load_address>
         <run_address>0x1314</run_address>
         <size>0xc4</size>
         <input_file_ref idref="fl-dc"/>
      </object_component>
      <object_component id="oc-2ea">
         <name>.text:GamepadHandler</name>
         <load_address>0x13d8</load_address>
         <run_address>0x13d8</run_address>
         <size>0xc0</size>
         <input_file_ref idref="fl-3"/>
      </object_component>
      <object_component id="oc-622">
         <name>.text:uDMAUSBTransfer</name>
         <load_address>0x1498</load_address>
         <run_address>0x1498</run_address>
         <size>0xbc</size>
         <input_file_ref idref="fl-dc"/>
      </object_component>
      <object_component id="oc-276">
         <name>.text:UARTStdioConfig</name>
         <load_address>0x1554</load_address>
         <run_address>0x1554</run_address>
         <size>0xb0</size>
         <input_file_ref idref="fl-6"/>
      </object_component>
      <object_component id="oc-9b">
         <name>.text:UARTwrite</name>
         <load_address>0x1604</load_address>
         <run_address>0x1604</run_address>
         <size>0xa8</size>
         <input_file_ref idref="fl-6"/>
      </object_component>
      <object_component id="oc-59">
         <name>.text</name>
         <load_address>0x16ac</load_address>
         <run_address>0x16ac</run_address>
         <size>0x9c</size>
         <input_file_ref idref="fl-c8"/>
      </object_component>
      <object_component id="oc-297">
         <name>.text:USBDHIDGamepadCompositeInit</name>
         <load_address>0x1748</load_address>
         <run_address>0x1748</run_address>
         <size>0x98</size>
         <input_file_ref idref="fl-da"/>
      </object_component>
      <object_component id="oc-443">
         <name>.text:USBDSetInterface</name>
         <load_address>0x17e0</load_address>
         <run_address>0x17e0</run_address>
         <size>0x98</size>
         <input_file_ref idref="fl-d8"/>
      </object_component>
      <object_component id="oc-184">
         <name>.text:ADCInit</name>
         <load_address>0x1878</load_address>
         <run_address>0x1878</run_address>
         <size>0x90</size>
         <input_file_ref idref="fl-3"/>
      </object_component>
      <object_component id="oc-437">
         <name>.text:USBDSetConfiguration</name>
         <load_address>0x1908</load_address>
         <run_address>0x1908</run_address>
         <size>0x90</size>
         <input_file_ref idref="fl-d8"/>
      </object_component>
      <object_component id="oc-8f">
         <name>.text:UARTPrimeTransmit</name>
         <load_address>0x1998</load_address>
         <run_address>0x1998</run_address>
         <size>0x8c</size>
         <input_file_ref idref="fl-6"/>
      </object_component>
      <object_component id="oc-54d">
         <name>.text:USBDeviceConfigAlternate</name>
         <load_address>0x1a24</load_address>
         <run_address>0x1a24</run_address>
         <size>0x8c</size>
         <input_file_ref idref="fl-e0"/>
      </object_component>
      <object_component id="oc-19c">
         <name>.text:ButtonsPoll</name>
         <load_address>0x1ab0</load_address>
         <run_address>0x1ab0</run_address>
         <size>0x88</size>
         <input_file_ref idref="fl-5"/>
      </object_component>
      <object_component id="oc-38c">
         <name>.text:HIDGamepadRxHandler</name>
         <load_address>0x1b38</load_address>
         <run_address>0x1b38</run_address>
         <size>0x88</size>
         <input_file_ref idref="fl-da"/>
      </object_component>
      <object_component id="oc-5a9">
         <name>.text:ProcessIdleTimers</name>
         <load_address>0x1bc0</load_address>
         <run_address>0x1bc0</run_address>
         <size>0x88</size>
         <input_file_ref idref="fl-e1"/>
      </object_component>
      <object_component id="oc-634">
         <name>.text:iDMAUSBChannelAllocate</name>
         <load_address>0x1c48</load_address>
         <run_address>0x1c48</run_address>
         <size>0x84</size>
         <input_file_ref idref="fl-dc"/>
      </object_component>
      <object_component id="oc-73e">
         <name>.text:uDMAChannelTransferSet</name>
         <load_address>0x1ccc</load_address>
         <run_address>0x1ccc</run_address>
         <size>0x84</size>
         <input_file_ref idref="fl-e2"/>
      </object_component>
      <object_component id="oc-413">
         <name>.text:USBDClearFeature</name>
         <load_address>0x1d50</load_address>
         <run_address>0x1d50</run_address>
         <size>0x80</size>
         <input_file_ref idref="fl-d8"/>
      </object_component>
      <object_component id="oc-688">
         <name>.text:USBDevEndpointConfigSet</name>
         <load_address>0x1dd0</load_address>
         <run_address>0x1dd0</run_address>
         <size>0x7a</size>
         <input_file_ref idref="fl-e3"/>
      </object_component>
      <object_component id="oc-e9">
         <name>.text</name>
         <load_address>0x1e4a</load_address>
         <run_address>0x1e4a</run_address>
         <size>0x7a</size>
         <input_file_ref idref="fl-c9"/>
      </object_component>
      <object_component id="oc-40d">
         <name>.text:USBDGetStatus</name>
         <load_address>0x1ec4</load_address>
         <run_address>0x1ec4</run_address>
         <size>0x78</size>
         <input_file_ref idref="fl-d8"/>
      </object_component>
      <object_component id="oc-256">
         <name>.text:USBDEP0StateTx</name>
         <load_address>0x1f3c</load_address>
         <run_address>0x1f3c</run_address>
         <size>0x70</size>
         <input_file_ref idref="fl-d8"/>
      </object_component>
      <object_component id="oc-5da">
         <name>.text:uDMAUSBArbSizeSet</name>
         <load_address>0x1fac</load_address>
         <run_address>0x1fac</run_address>
         <size>0x70</size>
         <input_file_ref idref="fl-dc"/>
      </object_component>
      <object_component id="oc-628">
         <name>.text:uDMAUSBUnitSizeSet</name>
         <load_address>0x201c</load_address>
         <run_address>0x201c</run_address>
         <size>0x70</size>
         <input_file_ref idref="fl-dc"/>
      </object_component>
      <object_component id="oc-419">
         <name>.text:USBDSetFeature</name>
         <load_address>0x208c</load_address>
         <run_address>0x208c</run_address>
         <size>0x6c</size>
         <input_file_ref idref="fl-d8"/>
      </object_component>
      <object_component id="oc-17e">
         <name>.text:ButtonsInit</name>
         <load_address>0x20f8</load_address>
         <run_address>0x20f8</run_address>
         <size>0x68</size>
         <input_file_ref idref="fl-5"/>
      </object_component>
      <object_component id="oc-717">
         <name>.text:IntDisable</name>
         <load_address>0x2160</load_address>
         <run_address>0x2160</run_address>
         <size>0x68</size>
         <input_file_ref idref="fl-d1"/>
      </object_component>
      <object_component id="oc-4fa">
         <name>.text:IntEnable</name>
         <load_address>0x21c8</load_address>
         <run_address>0x21c8</run_address>
         <size>0x68</size>
         <input_file_ref idref="fl-d1"/>
      </object_component>
      <object_component id="oc-15">
         <name>.text:decompress:lzss:__TI_decompress_lzss</name>
         <load_address>0x2230</load_address>
         <run_address>0x2230</run_address>
         <size>0x68</size>
         <input_file_ref idref="fl-c5"/>
      </object_component>
      <object_component id="oc-16c">
         <name>.text:ConfigureUART</name>
         <load_address>0x2298</load_address>
         <run_address>0x2298</run_address>
         <size>0x64</size>
         <input_file_ref idref="fl-3"/>
      </object_component>
      <object_component id="oc-563">
         <name>.text:HandleGetDescriptor</name>
         <load_address>0x22fc</load_address>
         <run_address>0x22fc</run_address>
         <size>0x64</size>
         <input_file_ref idref="fl-e1"/>
      </object_component>
      <object_component id="oc-711">
         <name>.text:IntIsEnabled</name>
         <load_address>0x2360</load_address>
         <run_address>0x2360</run_address>
         <size>0x64</size>
         <input_file_ref idref="fl-d1"/>
      </object_component>
      <object_component id="oc-5ec">
         <name>.text:uDMAUSBChannelEnable</name>
         <load_address>0x23c4</load_address>
         <run_address>0x23c4</run_address>
         <size>0x64</size>
         <input_file_ref idref="fl-dc"/>
      </object_component>
      <object_component id="oc-59f">
         <name>.text:HandleDevice</name>
         <load_address>0x2428</load_address>
         <run_address>0x2428</run_address>
         <size>0x60</size>
         <input_file_ref idref="fl-e1"/>
      </object_component>
      <object_component id="oc-6d3">
         <name>.text:ProcessDataFromHost</name>
         <load_address>0x2488</load_address>
         <run_address>0x2488</run_address>
         <size>0x60</size>
         <input_file_ref idref="fl-e1"/>
      </object_component>
      <object_component id="oc-24a">
         <name>.text:USBDReadAndDispatchRequest</name>
         <load_address>0x24e8</load_address>
         <run_address>0x24e8</run_address>
         <size>0x60</size>
         <input_file_ref idref="fl-d8"/>
      </object_component>
      <object_component id="oc-232">
         <name>.text:USBDevEndpointStatusClear</name>
         <load_address>0x2548</load_address>
         <run_address>0x2548</run_address>
         <size>0x5e</size>
         <input_file_ref idref="fl-e3"/>
      </object_component>
      <object_component id="oc-6ac">
         <name>.text:FindHIDDescriptor</name>
         <load_address>0x25a6</load_address>
         <run_address>0x25a6</run_address>
         <size>0x5c</size>
         <input_file_ref idref="fl-e1"/>
      </object_component>
      <object_component id="oc-5fe">
         <name>.text:uDMAUSBChannelRelease</name>
         <load_address>0x2602</load_address>
         <run_address>0x2602</run_address>
         <size>0x56</size>
         <input_file_ref idref="fl-dc"/>
      </object_component>
      <object_component id="oc-6d9">
         <name>.text:ProcessDataToHost</name>
         <load_address>0x2658</load_address>
         <run_address>0x2658</run_address>
         <size>0x54</size>
         <input_file_ref idref="fl-e1"/>
      </object_component>
      <object_component id="oc-4b8">
         <name>.text:ULPIConfigSet</name>
         <load_address>0x26ac</load_address>
         <run_address>0x26ac</run_address>
         <size>0x52</size>
         <input_file_ref idref="fl-dd"/>
      </object_component>
      <object_component id="oc-39">
         <name>.text:IntDefaultHandler</name>
         <load_address>0x26fe</load_address>
         <run_address>0x26fe</run_address>
         <size>0x2</size>
         <input_file_ref idref="fl-2"/>
      </object_component>
      <object_component id="oc-49a">
         <name>.text:SysCtlPeripheralReset</name>
         <load_address>0x2700</load_address>
         <run_address>0x2700</run_address>
         <size>0x50</size>
         <input_file_ref idref="fl-d2"/>
      </object_component>
      <object_component id="oc-67c">
         <name>.text:USBDCDConfigDescGet</name>
         <load_address>0x2750</load_address>
         <run_address>0x2750</run_address>
         <size>0x50</size>
         <input_file_ref idref="fl-df"/>
      </object_component>
      <object_component id="oc-125">
         <name>.text:USBDeviceResumeTickHandler</name>
         <load_address>0x27a0</load_address>
         <run_address>0x27a0</run_address>
         <size>0x50</size>
         <input_file_ref idref="fl-d8"/>
      </object_component>
      <object_component id="oc-682">
         <name>.text:GetEPDescriptorType</name>
         <load_address>0x27f0</load_address>
         <run_address>0x27f0</run_address>
         <size>0x4c</size>
         <input_file_ref idref="fl-e0"/>
      </object_component>
      <object_component id="oc-530">
         <name>.text:USBDStringIndexFromRequest</name>
         <load_address>0x283c</load_address>
         <run_address>0x283c</run_address>
         <size>0x4c</size>
         <input_file_ref idref="fl-d8"/>
      </object_component>
      <object_component id="oc-74a">
         <name>.text:USBEndpointDMAConfigSet</name>
         <load_address>0x2888</load_address>
         <run_address>0x2888</run_address>
         <size>0x4c</size>
         <input_file_ref idref="fl-e3"/>
      </object_component>
      <object_component id="oc-65e">
         <name>.text:iDMAUSBChannelEnable</name>
         <load_address>0x28d4</load_address>
         <run_address>0x28d4</run_address>
         <size>0x4c</size>
         <input_file_ref idref="fl-dc"/>
      </object_component>
      <object_component id="oc-6a3">
         <name>.text:ConfigAlternateInterfaceGet</name>
         <load_address>0x2920</load_address>
         <run_address>0x2920</run_address>
         <size>0x4a</size>
         <input_file_ref idref="fl-df"/>
      </object_component>
      <object_component id="oc-2b6">
         <name>.text:USBDHIDReportWrite</name>
         <load_address>0x296a</load_address>
         <run_address>0x296a</run_address>
         <size>0x4a</size>
         <input_file_ref idref="fl-e1"/>
      </object_component>
      <object_component id="oc-527">
         <name>.text:USBDevEndpointStallClear</name>
         <load_address>0x29b4</load_address>
         <run_address>0x29b4</run_address>
         <size>0x4a</size>
         <input_file_ref idref="fl-e3"/>
      </object_component>
      <object_component id="oc-5e6">
         <name>.text:uDMAUSBChannelDisable</name>
         <load_address>0x29fe</load_address>
         <run_address>0x29fe</run_address>
         <size>0x4a</size>
         <input_file_ref idref="fl-dc"/>
      </object_component>
      <object_component id="oc-6c5">
         <name>.text:SetIdleTimeout</name>
         <load_address>0x2a48</load_address>
         <run_address>0x2a48</run_address>
         <size>0x48</size>
         <input_file_ref idref="fl-e1"/>
      </object_component>
      <object_component id="oc-11f">
         <name>.text:USBDeviceEnumResetHandler</name>
         <load_address>0x2a90</load_address>
         <run_address>0x2a90</run_address>
         <size>0x48</size>
         <input_file_ref idref="fl-d8"/>
      </object_component>
      <object_component id="oc-6fd">
         <name>.text:uDMAChannelAttributeDisable</name>
         <load_address>0x2ad8</load_address>
         <run_address>0x2ad8</run_address>
         <size>0x48</size>
         <input_file_ref idref="fl-e2"/>
      </object_component>
      <object_component id="oc-23e">
         <name>.text:USBEndpointDataGet</name>
         <load_address>0x2b20</load_address>
         <run_address>0x2b20</run_address>
         <size>0x46</size>
         <input_file_ref idref="fl-e3"/>
      </object_component>
      <object_component id="oc-2d">
         <name>.text:NmiSR</name>
         <load_address>0x2b66</load_address>
         <run_address>0x2b66</run_address>
         <size>0x2</size>
         <input_file_ref idref="fl-2"/>
      </object_component>
      <object_component id="oc-46e">
         <name>.text:USBDCDDeviceInfoInit</name>
         <load_address>0x2b68</load_address>
         <run_address>0x2b68</run_address>
         <size>0x44</size>
         <input_file_ref idref="fl-d8"/>
      </object_component>
      <object_component id="oc-43d">
         <name>.text:USBDGetInterface</name>
         <load_address>0x2bac</load_address>
         <run_address>0x2bac</run_address>
         <size>0x44</size>
         <input_file_ref idref="fl-d8"/>
      </object_component>
      <object_component id="oc-1e2">
         <name>.text:__TI_auto_init_nobinit_nopinit:__TI_auto_init_nobinit_nopinit</name>
         <load_address>0x2bf0</load_address>
         <run_address>0x2bf0</run_address>
         <size>0x44</size>
         <input_file_ref idref="fl-ca"/>
      </object_component>
      <object_component id="oc-3bf">
         <name>.text:ScheduleReportTransmission</name>
         <load_address>0x2c34</load_address>
         <run_address>0x2c34</run_address>
         <size>0x40</size>
         <input_file_ref idref="fl-e1"/>
      </object_component>
      <object_component id="oc-363">
         <name>.text</name>
         <load_address>0x2c74</load_address>
         <run_address>0x2c74</run_address>
         <size>0x40</size>
         <input_file_ref idref="fl-c2"/>
      </object_component>
      <object_component id="oc-1b4">
         <name>.text:USBDHIDGamepadSendReport</name>
         <load_address>0x2cb4</load_address>
         <run_address>0x2cb4</run_address>
         <size>0x3e</size>
         <input_file_ref idref="fl-da"/>
      </object_component>
      <object_component id="oc-62e">
         <name>.text:iDMAUSBArbSizeSet</name>
         <load_address>0x2cf2</load_address>
         <run_address>0x2cf2</run_address>
         <size>0x2</size>
         <input_file_ref idref="fl-dc"/>
      </object_component>
      <object_component id="oc-356">
         <name>.text:UARTFlushTx</name>
         <load_address>0x2cf4</load_address>
         <run_address>0x2cf4</run_address>
         <size>0x3c</size>
         <input_file_ref idref="fl-6"/>
      </object_component>
      <object_component id="oc-658">
         <name>.text:iDMAUSBChannelRelease</name>
         <load_address>0x2d30</load_address>
         <run_address>0x2d30</run_address>
         <size>0x3c</size>
         <input_file_ref idref="fl-dc"/>
      </object_component>
      <object_component id="oc-694">
         <name>.text:USBFIFOConfigSet</name>
         <load_address>0x2d6c</load_address>
         <run_address>0x2d6c</run_address>
         <size>0x3a</size>
         <input_file_ref idref="fl-e3"/>
      </object_component>
      <object_component id="oc-66a">
         <name>.text:iDMAUSBUnitSizeSet</name>
         <load_address>0x2da6</load_address>
         <run_address>0x2da6</run_address>
         <size>0x2</size>
         <input_file_ref idref="fl-dc"/>
      </object_component>
      <object_component id="oc-480">
         <name>.text:InternalUSBRegisterTickHandler</name>
         <load_address>0x2da8</load_address>
         <run_address>0x2da8</run_address>
         <size>0x38</size>
         <input_file_ref idref="fl-d6"/>
      </object_component>
      <object_component id="oc-12b">
         <name>.text:InternalUSBStartOfFrameTick</name>
         <load_address>0x2de0</load_address>
         <run_address>0x2de0</run_address>
         <size>0x38</size>
         <input_file_ref idref="fl-d6"/>
      </object_component>
      <object_component id="oc-468">
         <name>.text:USBDCDConfigGetInterfaceEndpoint</name>
         <load_address>0x2e18</load_address>
         <run_address>0x2e18</run_address>
         <size>0x38</size>
         <input_file_ref idref="fl-df"/>
      </object_component>
      <object_component id="oc-bb">
         <name>.text:USBIntStatusControl</name>
         <load_address>0x2e50</load_address>
         <run_address>0x2e50</run_address>
         <size>0x38</size>
         <input_file_ref idref="fl-e3"/>
      </object_component>
      <object_component id="oc-599">
         <name>.text:HandleEndpoints</name>
         <load_address>0x2e88</load_address>
         <run_address>0x2e88</run_address>
         <size>0x36</size>
         <input_file_ref idref="fl-e1"/>
      </object_component>
      <object_component id="oc-33b">
         <name>.text:USBEndpointDataPut</name>
         <load_address>0x2ebe</load_address>
         <run_address>0x2ebe</run_address>
         <size>0x36</size>
         <input_file_ref idref="fl-e3"/>
      </object_component>
      <object_component id="oc-48c">
         <name>.text:HIDTickHandler</name>
         <load_address>0x2ef4</load_address>
         <run_address>0x2ef4</run_address>
         <size>0x34</size>
         <input_file_ref idref="fl-e1"/>
      </object_component>
      <object_component id="oc-4a0">
         <name>.text:SysCtlPeripheralEnable</name>
         <load_address>0x2f28</load_address>
         <run_address>0x2f28</run_address>
         <size>0x34</size>
         <input_file_ref idref="fl-d2"/>
      </object_component>
      <object_component id="oc-341">
         <name>.text:USBEndpointDataSend</name>
         <load_address>0x2f5c</load_address>
         <run_address>0x2f5c</run_address>
         <size>0x34</size>
         <input_file_ref idref="fl-e3"/>
      </object_component>
      <object_component id="oc-77">
         <name>.text:_c_int00_noargs:_c_int00_noargs</name>
         <load_address>0x2f90</load_address>
         <run_address>0x2f90</run_address>
         <size>0x34</size>
         <input_file_ref idref="fl-c6"/>
      </object_component>
      <object_component id="oc-63a">
         <name>.text:iDMAUSBChannelStatus</name>
         <load_address>0x2fc4</load_address>
         <run_address>0x2fc4</run_address>
         <size>0x34</size>
         <input_file_ref idref="fl-dc"/>
      </object_component>
      <object_component id="oc-3b9">
         <name>.text:ClearReportTimer</name>
         <load_address>0x2ff8</load_address>
         <run_address>0x2ff8</run_address>
         <size>0x32</size>
         <input_file_ref idref="fl-e1"/>
      </object_component>
      <object_component id="oc-56f">
         <name>.text:HandleConfigChange</name>
         <load_address>0x302a</load_address>
         <run_address>0x302a</run_address>
         <size>0x32</size>
         <input_file_ref idref="fl-e1"/>
      </object_component>
      <object_component id="oc-558">
         <name>.text:NextConfigDescGet</name>
         <load_address>0x305c</load_address>
         <run_address>0x305c</run_address>
         <size>0x32</size>
         <input_file_ref idref="fl-df"/>
      </object_component>
      <object_component id="oc-404">
         <name>.text:USBDevEndpointStall</name>
         <load_address>0x308e</load_address>
         <run_address>0x308e</run_address>
         <size>0x32</size>
         <input_file_ref idref="fl-e3"/>
      </object_component>
      <object_component id="oc-664">
         <name>.text:iDMAUSBChannelDisable</name>
         <load_address>0x30c0</load_address>
         <run_address>0x30c0</run_address>
         <size>0x32</size>
         <input_file_ref idref="fl-dc"/>
      </object_component>
      <object_component id="oc-60a">
         <name>.text:DMAUSBIntHandler</name>
         <load_address>0x30f2</load_address>
         <run_address>0x30f2</run_address>
         <size>0x30</size>
         <input_file_ref idref="fl-dc"/>
      </object_component>
      <object_component id="oc-45d">
         <name>.text</name>
         <load_address>0x3122</load_address>
         <run_address>0x3122</run_address>
         <size>0x2</size>
         <input_file_ref idref="fl-c7"/>
      </object_component>
      <object_component id="oc-47a">
         <name>.text:InternalUSBTickInit</name>
         <load_address>0x3124</load_address>
         <run_address>0x3124</run_address>
         <size>0x30</size>
         <input_file_ref idref="fl-d6"/>
      </object_component>
      <object_component id="oc-431">
         <name>.text:USBDGetConfiguration</name>
         <load_address>0x3154</load_address>
         <run_address>0x3154</run_address>
         <size>0x30</size>
         <input_file_ref idref="fl-d8"/>
      </object_component>
      <object_component id="oc-190">
         <name>.text:USBDHIDGamepadInit</name>
         <load_address>0x3184</load_address>
         <run_address>0x3184</run_address>
         <size>0x30</size>
         <input_file_ref idref="fl-da"/>
      </object_component>
      <object_component id="oc-1a2">
         <name>.text:ADCIntStatus</name>
         <load_address>0x31b4</load_address>
         <run_address>0x31b4</run_address>
         <size>0x2e</size>
         <input_file_ref idref="fl-d0"/>
      </object_component>
      <object_component id="oc-5f8">
         <name>.text:uDMAUSBChannelIntDisable</name>
         <load_address>0x31e2</load_address>
         <run_address>0x31e2</run_address>
         <size>0x2</size>
         <input_file_ref idref="fl-dc"/>
      </object_component>
      <object_component id="oc-350">
         <name>.text:UARTFlushRx</name>
         <load_address>0x31e4</load_address>
         <run_address>0x31e4</run_address>
         <size>0x2c</size>
         <input_file_ref idref="fl-6"/>
      </object_component>
      <object_component id="oc-799">
         <name>.text:USBDescGet</name>
         <load_address>0x3210</load_address>
         <run_address>0x3210</run_address>
         <size>0x2c</size>
         <input_file_ref idref="fl-db"/>
      </object_component>
      <object_component id="oc-610">
         <name>.text:uDMAUSBIntStatus</name>
         <load_address>0x323c</load_address>
         <run_address>0x323c</run_address>
         <size>0x2c</size>
         <input_file_ref idref="fl-dc"/>
      </object_component>
      <object_component id="oc-541">
         <name>.text:USBDCDConfigDescGetNum</name>
         <load_address>0x3268</load_address>
         <run_address>0x3268</run_address>
         <size>0x2a</size>
         <input_file_ref idref="fl-df"/>
      </object_component>
      <object_component id="oc-69c">
         <name>.text:USBDescGetNum</name>
         <load_address>0x3292</load_address>
         <run_address>0x3292</run_address>
         <size>0x2a</size>
         <input_file_ref idref="fl-db"/>
      </object_component>
      <object_component id="oc-244">
         <name>.text:USBDevEndpointDataAck</name>
         <load_address>0x32bc</load_address>
         <run_address>0x32bc</run_address>
         <size>0x2a</size>
         <input_file_ref idref="fl-e3"/>
      </object_component>
      <object_component id="oc-6bf">
         <name>.text:GetIdleTimeout</name>
         <load_address>0x32e6</load_address>
         <run_address>0x32e6</run_address>
         <size>0x28</size>
         <input_file_ref idref="fl-e1"/>
      </object_component>
      <object_component id="oc-575">
         <name>.text:HandleEP0DataReceived</name>
         <load_address>0x330e</load_address>
         <run_address>0x330e</run_address>
         <size>0x28</size>
         <input_file_ref idref="fl-e1"/>
      </object_component>
      <object_component id="oc-5f2">
         <name>.text:uDMAUSBChannelIntEnable</name>
         <load_address>0x3336</load_address>
         <run_address>0x3336</run_address>
         <size>0x2</size>
         <input_file_ref idref="fl-dc"/>
      </object_component>
      <object_component id="oc-41f">
         <name>.text:USBDSetAddress</name>
         <load_address>0x3338</load_address>
         <run_address>0x3338</run_address>
         <size>0x28</size>
         <input_file_ref idref="fl-d8"/>
      </object_component>
      <object_component id="oc-4e8">
         <name>.text:USBIntEnableControl</name>
         <load_address>0x3360</load_address>
         <run_address>0x3360</run_address>
         <size>0x28</size>
         <input_file_ref idref="fl-e3"/>
      </object_component>
      <object_component id="oc-72f">
         <name>.text:uDMAChannelModeGet</name>
         <load_address>0x3388</load_address>
         <run_address>0x3388</run_address>
         <size>0x28</size>
         <input_file_ref idref="fl-e2"/>
      </object_component>
      <object_component id="oc-29d">
         <name>.text:USBDHIDInit</name>
         <load_address>0x33b0</load_address>
         <run_address>0x33b0</run_address>
         <size>0x26</size>
         <input_file_ref idref="fl-e1"/>
      </object_component>
      <object_component id="oc-703">
         <name>.text:USBEndpointDMADisable</name>
         <load_address>0x33d6</load_address>
         <run_address>0x33d6</run_address>
         <size>0x24</size>
         <input_file_ref idref="fl-e3"/>
      </object_component>
      <object_component id="oc-71d">
         <name>.text:USBEndpointDMAEnable</name>
         <load_address>0x33fa</load_address>
         <run_address>0x33fa</run_address>
         <size>0x24</size>
         <input_file_ref idref="fl-e3"/>
      </object_component>
      <object_component id="oc-18a">
         <name>.text:USBStackModeSet</name>
         <load_address>0x3420</load_address>
         <run_address>0x3420</run_address>
         <size>0x24</size>
         <input_file_ref idref="fl-d5"/>
      </object_component>
      <object_component id="oc-6f0">
         <name>.text:uDMAChannelControlSet</name>
         <load_address>0x3444</load_address>
         <run_address>0x3444</run_address>
         <size>0x24</size>
         <input_file_ref idref="fl-e2"/>
      </object_component>
      <object_component id="oc-593">
         <name>.text:HandleDisconnect</name>
         <load_address>0x3468</load_address>
         <run_address>0x3468</run_address>
         <size>0x22</size>
         <input_file_ref idref="fl-e1"/>
      </object_component>
      <object_component id="oc-604">
         <name>.text:uDMAUSBChannelStatus</name>
         <load_address>0x348a</load_address>
         <run_address>0x348a</run_address>
         <size>0x22</size>
         <input_file_ref idref="fl-dc"/>
      </object_component>
      <object_component id="oc-68e">
         <name>.text:GetEndpointFIFOSize</name>
         <load_address>0x34ac</load_address>
         <run_address>0x34ac</run_address>
         <size>0x20</size>
         <input_file_ref idref="fl-e0"/>
      </object_component>
      <object_component id="oc-57b">
         <name>.text:HandleEP0DataSent</name>
         <load_address>0x34cc</load_address>
         <run_address>0x34cc</run_address>
         <size>0x20</size>
         <input_file_ref idref="fl-e1"/>
      </object_component>
      <object_component id="oc-1ae">
         <name>.text:ADCSequenceDataGet</name>
         <load_address>0x34ec</load_address>
         <run_address>0x34ec</run_address>
         <size>0x1e</size>
         <input_file_ref idref="fl-d0"/>
      </object_component>
      <object_component id="oc-386">
         <name>.text:HIDGamepadTxHandler</name>
         <load_address>0x350a</load_address>
         <run_address>0x350a</run_address>
         <size>0x1e</size>
         <input_file_ref idref="fl-da"/>
      </object_component>
      <object_component id="oc-5bd">
         <name>.text:USBULPIRegRead</name>
         <load_address>0x3528</load_address>
         <run_address>0x3528</run_address>
         <size>0x1e</size>
         <input_file_ref idref="fl-e3"/>
      </object_component>
      <object_component id="oc-5c3">
         <name>.text:USBULPIRegWrite</name>
         <load_address>0x3546</load_address>
         <run_address>0x3546</run_address>
         <size>0x1e</size>
         <input_file_ref idref="fl-e3"/>
      </object_component>
      <object_component id="oc-178">
         <name>.text:SysCtlGPIOAHBEnable</name>
         <load_address>0x3564</load_address>
         <run_address>0x3564</run_address>
         <size>0x1c</size>
         <input_file_ref idref="fl-d2"/>
      </object_component>
      <object_component id="oc-547">
         <name>.text:USBDCDConfigGetInterface</name>
         <load_address>0x3580</load_address>
         <run_address>0x3580</run_address>
         <size>0x1c</size>
         <input_file_ref idref="fl-df"/>
      </object_component>
      <object_component id="oc-328">
         <name>.text:USBDCDStallEP0</name>
         <load_address>0x359c</load_address>
         <run_address>0x359c</run_address>
         <size>0x1c</size>
         <input_file_ref idref="fl-d8"/>
      </object_component>
      <object_component id="oc-5af">
         <name>.text:USBEndpointDataAvail</name>
         <load_address>0x35b8</load_address>
         <run_address>0x35b8</run_address>
         <size>0x1c</size>
         <input_file_ref idref="fl-e3"/>
      </object_component>
      <object_component id="oc-474">
         <name>.text:ClearIdleTimers</name>
         <load_address>0x35d4</load_address>
         <run_address>0x35d4</run_address>
         <size>0x1a</size>
         <input_file_ref idref="fl-e1"/>
      </object_component>
      <object_component id="oc-172">
         <name>.text:UARTprintf</name>
         <load_address>0x35ee</load_address>
         <run_address>0x35ee</run_address>
         <size>0x1a</size>
         <input_file_ref idref="fl-6"/>
      </object_component>
      <object_component id="oc-335">
         <name>.text:USBDCDConfigDescGetSize</name>
         <load_address>0x3608</load_address>
         <run_address>0x3608</run_address>
         <size>0x1a</size>
         <input_file_ref idref="fl-df"/>
      </object_component>
      <object_component id="oc-6f7">
         <name>.text:USBEndpointDMAChannel</name>
         <load_address>0x3622</load_address>
         <run_address>0x3622</run_address>
         <size>0x1a</size>
         <input_file_ref idref="fl-e3"/>
      </object_component>
      <object_component id="oc-196">
         <name>.text:ADCProcessorTrigger</name>
         <load_address>0x363c</load_address>
         <run_address>0x363c</run_address>
         <size>0x18</size>
         <input_file_ref idref="fl-d0"/>
      </object_component>
      <object_component id="oc-a1">
         <name>.text:IsBufferFull</name>
         <load_address>0x3654</load_address>
         <run_address>0x3654</run_address>
         <size>0x18</size>
         <input_file_ref idref="fl-6"/>
      </object_component>
      <object_component id="oc-6e1">
         <name>.text:SetDeferredOpFlag</name>
         <load_address>0x366c</load_address>
         <run_address>0x366c</run_address>
         <size>0x18</size>
         <input_file_ref idref="fl-e1"/>
      </object_component>
      <object_component id="oc-45">
         <name>.text:USB0DeviceIntHandler</name>
         <load_address>0x3684</load_address>
         <run_address>0x3684</run_address>
         <size>0x18</size>
         <input_file_ref idref="fl-d9"/>
      </object_component>
      <object_component id="oc-42b">
         <name>.text:USBDSetDescriptor</name>
         <load_address>0x369c</load_address>
         <run_address>0x369c</run_address>
         <size>0x18</size>
         <input_file_ref idref="fl-d8"/>
      </object_component>
      <object_component id="oc-449">
         <name>.text:USBDSyncFrame</name>
         <load_address>0x36b4</load_address>
         <run_address>0x36b4</run_address>
         <size>0x18</size>
         <input_file_ref idref="fl-d8"/>
      </object_component>
      <object_component id="oc-70a">
         <name>.text:uDMAChannelDisable</name>
         <load_address>0x36cc</load_address>
         <run_address>0x36cc</run_address>
         <size>0x18</size>
         <input_file_ref idref="fl-e2"/>
      </object_component>
      <object_component id="oc-723">
         <name>.text:uDMAChannelEnable</name>
         <load_address>0x36e4</load_address>
         <run_address>0x36e4</run_address>
         <size>0x18</size>
         <input_file_ref idref="fl-e2"/>
      </object_component>
      <object_component id="oc-4ee">
         <name>.text:USBIntEnableEndpoint</name>
         <load_address>0x36fc</load_address>
         <run_address>0x36fc</run_address>
         <size>0x16</size>
         <input_file_ref idref="fl-e3"/>
      </object_component>
      <object_component id="oc-4a6">
         <name>.text:SysCtlUSBPLLEnable</name>
         <load_address>0x3714</load_address>
         <run_address>0x3714</run_address>
         <size>0x14</size>
         <input_file_ref idref="fl-d2"/>
      </object_component>
      <object_component id="oc-6b9">
         <name>.text:USBDCDRequestDataEP0</name>
         <load_address>0x3728</load_address>
         <run_address>0x3728</run_address>
         <size>0x14</size>
         <input_file_ref idref="fl-d8"/>
      </object_component>
      <object_component id="oc-6b2">
         <name>.text:USBDCDSendDataEP0</name>
         <load_address>0x373c</load_address>
         <run_address>0x373c</run_address>
         <size>0x14</size>
         <input_file_ref idref="fl-d8"/>
      </object_component>
      <object_component id="oc-782">
         <name>.text:USBDMAChannelConfigSet</name>
         <load_address>0x3750</load_address>
         <run_address>0x3750</run_address>
         <size>0x14</size>
         <input_file_ref idref="fl-e3"/>
      </object_component>
      <object_component id="oc-21d">
         <name>.text:USBHostResume</name>
         <load_address>0x3764</load_address>
         <run_address>0x3764</run_address>
         <size>0x14</size>
         <input_file_ref idref="fl-e3"/>
      </object_component>
      <object_component id="oc-7a3">
         <name>.text:_USBIndexWrite</name>
         <load_address>0x3778</load_address>
         <run_address>0x3778</run_address>
         <size>0x14</size>
         <input_file_ref idref="fl-e3"/>
      </object_component>
      <object_component id="oc-58d">
         <name>.text:HandleResume</name>
         <load_address>0x378c</load_address>
         <run_address>0x378c</run_address>
         <size>0x12</size>
         <input_file_ref idref="fl-e1"/>
      </object_component>
      <object_component id="oc-587">
         <name>.text:HandleSuspend</name>
         <load_address>0x379e</load_address>
         <run_address>0x379e</run_address>
         <size>0x12</size>
         <input_file_ref idref="fl-e1"/>
      </object_component>
      <object_component id="oc-753">
         <name>.text:USBDMAChannelDisable</name>
         <load_address>0x37b0</load_address>
         <run_address>0x37b0</run_address>
         <size>0x12</size>
         <input_file_ref idref="fl-e3"/>
      </object_component>
      <object_component id="oc-788">
         <name>.text:USBDMAChannelEnable</name>
         <load_address>0x37c2</load_address>
         <run_address>0x37c2</run_address>
         <size>0x12</size>
         <input_file_ref idref="fl-e3"/>
      </object_component>
      <object_component id="oc-76f">
         <name>.text:USBDMAChannelIntDisable</name>
         <load_address>0x37d4</load_address>
         <run_address>0x37d4</run_address>
         <size>0x12</size>
         <input_file_ref idref="fl-e3"/>
      </object_component>
      <object_component id="oc-768">
         <name>.text:USBDMAChannelIntEnable</name>
         <load_address>0x37e6</load_address>
         <run_address>0x37e6</run_address>
         <size>0x12</size>
         <input_file_ref idref="fl-e3"/>
      </object_component>
      <object_component id="oc-1ba">
         <name>.text:IntMasterDisable</name>
         <load_address>0x37f8</load_address>
         <run_address>0x37f8</run_address>
         <size>0x10</size>
         <input_file_ref idref="fl-d1"/>
      </object_component>
      <object_component id="oc-1c0">
         <name>.text:IntMasterEnable</name>
         <load_address>0x3808</load_address>
         <run_address>0x3808</run_address>
         <size>0x10</size>
         <input_file_ref idref="fl-d1"/>
      </object_component>
      <object_component id="oc-22c">
         <name>.text:USBEndpointStatus</name>
         <load_address>0x3818</load_address>
         <run_address>0x3818</run_address>
         <size>0x10</size>
         <input_file_ref idref="fl-e3"/>
      </object_component>
      <object_component id="oc-616">
         <name>.text:DMAUSBIntStatusClear</name>
         <load_address>0x3828</load_address>
         <run_address>0x3828</run_address>
         <size>0xe</size>
         <input_file_ref idref="fl-dc"/>
      </object_component>
      <object_component id="oc-95">
         <name>.text:IsBufferEmpty</name>
         <load_address>0x3836</load_address>
         <run_address>0x3836</run_address>
         <size>0xe</size>
         <input_file_ref idref="fl-6"/>
      </object_component>
      <object_component id="oc-2b0">
         <name>.text:USBDHIDTxPacketAvailable</name>
         <load_address>0x3844</load_address>
         <run_address>0x3844</run_address>
         <size>0xe</size>
         <input_file_ref idref="fl-e1"/>
      </object_component>
      <object_component id="oc-75a">
         <name>.text:USBDMAChannelStatus</name>
         <load_address>0x3852</load_address>
         <run_address>0x3852</run_address>
         <size>0xe</size>
         <input_file_ref idref="fl-e3"/>
      </object_component>
      <object_component id="oc-4d0">
         <name>.text:USBDevLPMDisable</name>
         <load_address>0x3860</load_address>
         <run_address>0x3860</run_address>
         <size>0xe</size>
         <input_file_ref idref="fl-e3"/>
      </object_component>
      <object_component id="oc-137">
         <name>.text:USBDevLPMEnable</name>
         <load_address>0x386e</load_address>
         <run_address>0x386e</run_address>
         <size>0xe</size>
         <input_file_ref idref="fl-e3"/>
      </object_component>
      <object_component id="oc-4be">
         <name>.text:USBULPIDisable</name>
         <load_address>0x387c</load_address>
         <run_address>0x387c</run_address>
         <size>0xe</size>
         <input_file_ref idref="fl-e3"/>
      </object_component>
      <object_component id="oc-4b2">
         <name>.text:USBULPIEnable</name>
         <load_address>0x388a</load_address>
         <run_address>0x388a</run_address>
         <size>0xe</size>
         <input_file_ref idref="fl-e3"/>
      </object_component>
      <object_component id="oc-1b">
         <name>.text:decompress:none:__TI_decompress_none</name>
         <load_address>0x3898</load_address>
         <run_address>0x3898</run_address>
         <size>0xe</size>
         <input_file_ref idref="fl-c4"/>
      </object_component>
      <object_component id="oc-2bd">
         <name>.text:CPUcpsid</name>
         <load_address>0x38a6</load_address>
         <run_address>0x38a6</run_address>
         <size>0xc</size>
         <input_file_ref idref="fl-d4"/>
      </object_component>
      <object_component id="oc-2c4">
         <name>.text:CPUcpsie</name>
         <load_address>0x38b2</load_address>
         <run_address>0x38b2</run_address>
         <size>0xc</size>
         <input_file_ref idref="fl-d4"/>
      </object_component>
      <object_component id="oc-744">
         <name>.text:USBEndpointPacketCountSet</name>
         <load_address>0x38be</load_address>
         <run_address>0x38be</run_address>
         <size>0xc</size>
         <input_file_ref idref="fl-e3"/>
      </object_component>
      <object_component id="oc-4dc">
         <name>.text:USBLPMIntEnable</name>
         <load_address>0x38ca</load_address>
         <run_address>0x38ca</run_address>
         <size>0xc</size>
         <input_file_ref idref="fl-e3"/>
      </object_component>
      <object_component id="oc-6b">
         <name>.text:decompress:ZI:__TI_zero_init</name>
         <load_address>0x38d6</load_address>
         <run_address>0x38d6</run_address>
         <size>0xc</size>
         <input_file_ref idref="fl-c3"/>
      </object_component>
      <object_component id="oc-1a8">
         <name>.text:ADCIntClear</name>
         <load_address>0x38e2</load_address>
         <run_address>0x38e2</run_address>
         <size>0xa</size>
         <input_file_ref idref="fl-d0"/>
      </object_component>
      <object_component id="oc-4ac">
         <name>.text:USBClockEnable</name>
         <load_address>0x38ec</load_address>
         <run_address>0x38ec</run_address>
         <size>0xa</size>
         <input_file_ref idref="fl-e3"/>
      </object_component>
      <object_component id="oc-5d1">
         <name>.text:USBControllerVersion</name>
         <load_address>0x38f6</load_address>
         <run_address>0x38f6</run_address>
         <size>0xa</size>
         <input_file_ref idref="fl-e3"/>
      </object_component>
      <object_component id="oc-776">
         <name>.text:USBDMAChannelAddressSet</name>
         <load_address>0x3900</load_address>
         <run_address>0x3900</run_address>
         <size>0xa</size>
         <input_file_ref idref="fl-e3"/>
      </object_component>
      <object_component id="oc-77c">
         <name>.text:USBDMAChannelCountSet</name>
         <load_address>0x390a</load_address>
         <run_address>0x390a</run_address>
         <size>0xa</size>
         <input_file_ref idref="fl-e3"/>
      </object_component>
      <object_component id="oc-4f4">
         <name>.text:USBDevConnect</name>
         <load_address>0x3914</load_address>
         <run_address>0x3914</run_address>
         <size>0xa</size>
         <input_file_ref idref="fl-e3"/>
      </object_component>
      <object_component id="oc-149">
         <name>.text:USBDevDisconnect</name>
         <load_address>0x391e</load_address>
         <run_address>0x391e</run_address>
         <size>0xa</size>
         <input_file_ref idref="fl-e3"/>
      </object_component>
      <object_component id="oc-13d">
         <name>.text:USBIntStatusEndpoint</name>
         <load_address>0x3928</load_address>
         <run_address>0x3928</run_address>
         <size>0xa</size>
         <input_file_ref idref="fl-e3"/>
      </object_component>
      <object_component id="oc-4ca">
         <name>.text:USBDevMode</name>
         <load_address>0x3932</load_address>
         <run_address>0x3932</run_address>
         <size>0x8</size>
         <input_file_ref idref="fl-e3"/>
      </object_component>
      <object_component id="oc-738">
         <name>.text:USBFIFOAddrGet</name>
         <load_address>0x393a</load_address>
         <run_address>0x393a</run_address>
         <size>0x8</size>
         <input_file_ref idref="fl-e3"/>
      </object_component>
      <object_component id="oc-4c4">
         <name>.text:USBOTGMode</name>
         <load_address>0x3942</load_address>
         <run_address>0x3942</run_address>
         <size>0x8</size>
         <input_file_ref idref="fl-e3"/>
      </object_component>
      <object_component id="oc-64c">
         <name>.text:iDMAUSBChannelIntDisable</name>
         <load_address>0x394a</load_address>
         <run_address>0x394a</run_address>
         <size>0x8</size>
         <input_file_ref idref="fl-dc"/>
      </object_component>
      <object_component id="oc-646">
         <name>.text:iDMAUSBChannelIntEnable</name>
         <load_address>0x3952</load_address>
         <run_address>0x3952</run_address>
         <size>0x8</size>
         <input_file_ref idref="fl-dc"/>
      </object_component>
      <object_component id="oc-27">
         <name>.text:ResetISR</name>
         <load_address>0x395a</load_address>
         <run_address>0x395a</run_address>
         <size>0x6</size>
         <input_file_ref idref="fl-2"/>
      </object_component>
      <object_component id="oc-270">
         <name>.text:UARTClockSourceSet</name>
         <load_address>0x3960</load_address>
         <run_address>0x3960</run_address>
         <size>0x6</size>
         <input_file_ref idref="fl-d3"/>
      </object_component>
      <object_component id="oc-761">
         <name>.text:USBDMAChannelIntStatus</name>
         <load_address>0x3966</load_address>
         <run_address>0x3966</run_address>
         <size>0x6</size>
         <input_file_ref idref="fl-e3"/>
      </object_component>
      <object_component id="oc-4d6">
         <name>.text:USBDevLPMConfig</name>
         <load_address>0x396c</load_address>
         <run_address>0x396c</run_address>
         <size>0x6</size>
         <input_file_ref idref="fl-e3"/>
      </object_component>
      <object_component id="oc-131">
         <name>.text:USBLPMIntStatus</name>
         <load_address>0x3972</load_address>
         <run_address>0x3972</run_address>
         <size>0x6</size>
         <input_file_ref idref="fl-e3"/>
      </object_component>
      <object_component id="oc-640">
         <name>.text:iDMAUSBIntStatus</name>
         <load_address>0x3978</load_address>
         <run_address>0x3978</run_address>
         <size>0x6</size>
         <input_file_ref idref="fl-dc"/>
      </object_component>
      <object_component id="oc-61c">
         <name>.text:DMAUSBStatus</name>
         <load_address>0x397e</load_address>
         <run_address>0x397e</run_address>
         <size>0x4</size>
         <input_file_ref idref="fl-dc"/>
      </object_component>
      <object_component id="oc-581">
         <name>.text:HandleReset</name>
         <load_address>0x3982</load_address>
         <run_address>0x3982</run_address>
         <size>0x4</size>
         <input_file_ref idref="fl-e1"/>
      </object_component>
      <object_component id="oc-238">
         <name>.text:USBDevAddrSet</name>
         <load_address>0x3986</load_address>
         <run_address>0x3986</run_address>
         <size>0x4</size>
         <input_file_ref idref="fl-e3"/>
      </object_component>
      <object_component id="oc-ef">
         <name>.text:_system_pre_init</name>
         <load_address>0x398a</load_address>
         <run_address>0x398a</run_address>
         <size>0x4</size>
         <input_file_ref idref="fl-cb"/>
      </object_component>
      <object_component id="oc-1d6">
         <name>.text:abort:abort</name>
         <load_address>0x398e</load_address>
         <run_address>0x398e</run_address>
         <size>0x4</size>
         <input_file_ref idref="fl-cd"/>
      </object_component>
      <object_component id="oc-675">
         <name>.const</name>
         <load_address>0x3994</load_address>
         <run_address>0x3994</run_address>
         <size>0x70</size>
         <input_file_ref idref="fl-d1"/>
      </object_component>
      <object_component id="oc-3dd">
         <name>.const:.string:g_pui8ConfigString</name>
         <load_address>0x3a04</load_address>
         <run_address>0x3a04</run_address>
         <size>0x34</size>
         <input_file_ref idref="fl-4"/>
      </object_component>
      <object_component id="oc-331">
         <name>.const:g_psUSBDStdRequests</name>
         <load_address>0x3a38</load_address>
         <run_address>0x3a38</run_address>
         <size>0x34</size>
         <input_file_ref idref="fl-d8"/>
      </object_component>
      <object_component id="oc-39e">
         <name>.const:.string:g_pui8GameReportDescriptor</name>
         <load_address>0x3a6c</load_address>
         <run_address>0x3a6c</run_address>
         <size>0x30</size>
         <input_file_ref idref="fl-da"/>
      </object_component>
      <object_component id="oc-486">
         <name>.const:g_sHIDHandlers</name>
         <load_address>0x3a9c</load_address>
         <run_address>0x3a9c</run_address>
         <size>0x30</size>
         <input_file_ref idref="fl-e1"/>
      </object_component>
      <object_component id="oc-3da">
         <name>.const:.string:g_pui8HIDInterfaceString</name>
         <load_address>0x3acc</load_address>
         <run_address>0x3acc</run_address>
         <size>0x2c</size>
         <input_file_ref idref="fl-4"/>
      </object_component>
      <object_component id="oc-3d1">
         <name>.const:.string:g_pui8ManufacturerString</name>
         <load_address>0x3af8</load_address>
         <run_address>0x3af8</run_address>
         <size>0x24</size>
         <input_file_ref idref="fl-4"/>
      </object_component>
      <object_component id="oc-3d4">
         <name>.const:.string:g_pui8ProductString</name>
         <load_address>0x3b1c</load_address>
         <run_address>0x3b1c</run_address>
         <size>0x24</size>
         <input_file_ref idref="fl-4"/>
      </object_component>
      <object_component id="oc-392">
         <name>.const</name>
         <load_address>0x3b40</load_address>
         <run_address>0x3b40</run_address>
         <size>0x1c</size>
         <input_file_ref idref="fl-da"/>
      </object_component>
      <object_component id="oc-2f0">
         <name>.const:g_ppui8StringDescriptors</name>
         <load_address>0x3b5c</load_address>
         <run_address>0x3b5c</run_address>
         <size>0x18</size>
         <input_file_ref idref="fl-4"/>
      </object_component>
      <object_component id="oc-3d7">
         <name>.const:.string:g_pui8SerialNumberString</name>
         <load_address>0x3b74</load_address>
         <run_address>0x3b74</run_address>
         <size>0x12</size>
         <input_file_ref idref="fl-4"/>
      </object_component>
      <object_component id="oc-35f">
         <name>.const:g_ui32UARTBase</name>
         <load_address>0x3b88</load_address>
         <run_address>0x3b88</run_address>
         <size>0xc</size>
         <input_file_ref idref="fl-6"/>
      </object_component>
      <object_component id="oc-107">
         <name>.const:g_ui32UARTInt</name>
         <load_address>0x3b94</load_address>
         <run_address>0x3b94</run_address>
         <size>0xc</size>
         <input_file_ref idref="fl-6"/>
      </object_component>
      <object_component id="oc-35c">
         <name>.const:g_ui32UARTPeriph</name>
         <load_address>0x3ba0</load_address>
         <run_address>0x3ba0</run_address>
         <size>0xc</size>
         <input_file_ref idref="fl-6"/>
      </object_component>
      <object_component id="oc-495">
         <name>.const:.string</name>
         <load_address>0x3bac</load_address>
         <run_address>0x3bac</run_address>
         <size>0x7</size>
         <input_file_ref idref="fl-da"/>
      </object_component>
      <object_component id="oc-3ce">
         <name>.const:.string:g_pui8LangDescriptor</name>
         <load_address>0x3bb3</load_address>
         <run_address>0x3bb3</run_address>
         <size>0x4</size>
         <input_file_ref idref="fl-4"/>
      </object_component>
      <object_component id="oc-80f">
         <name>.cinit..data.load</name>
         <load_address>0x3bb8</load_address>
         <run_address>0x3bb8</run_address>
         <size>0x80</size>
      </object_component>
      <object_component id="oc-80d">
         <name>__TI_handler_table</name>
         <load_address>0x3c38</load_address>
         <run_address>0x3c38</run_address>
         <size>0xc</size>
      </object_component>
      <object_component id="oc-810">
         <name>.cinit..bss.load</name>
         <load_address>0x3c48</load_address>
         <run_address>0x3c48</run_address>
         <size>0x8</size>
      </object_component>
      <object_component id="oc-80e">
         <name>__TI_cinit_table</name>
         <load_address>0x3c50</load_address>
         <run_address>0x3c50</run_address>
         <size>0x10</size>
      </object_component>
      <object_component id="oc-1c9">
         <name>.data:g_sGamepadDevice</name>
         <load_address>0x20000a80</load_address>
         <run_address>0x20000a80</run_address>
         <size>0x98</size>
         <input_file_ref idref="fl-4"/>
      </object_component>
      <object_component id="oc-28b">
         <name>.data</name>
         <load_address>0x20000b95</load_address>
         <run_address>0x20000b95</run_address>
         <size>0x3</size>
         <input_file_ref idref="fl-5"/>
      </object_component>
      <object_component id="oc-a7">
         <name>.data</name>
         <load_address>0x20000b58</load_address>
         <run_address>0x20000b58</run_address>
         <size>0x15</size>
         <input_file_ref idref="fl-6"/>
      </object_component>
      <object_component id="oc-290">
         <name>.data</name>
         <load_address>0x20000b8c</load_address>
         <run_address>0x20000b8c</run_address>
         <size>0x9</size>
         <input_file_ref idref="fl-d5"/>
      </object_component>
      <object_component id="oc-155">
         <name>.data</name>
         <load_address>0x20000b80</load_address>
         <run_address>0x20000b80</run_address>
         <size>0xc</size>
         <input_file_ref idref="fl-d6"/>
      </object_component>
      <object_component id="oc-158">
         <name>.data</name>
         <load_address>0x20000b98</load_address>
         <run_address>0x20000b98</run_address>
         <size>0x8</size>
         <input_file_ref idref="fl-d8"/>
      </object_component>
      <object_component id="oc-2a3">
         <name>.data</name>
         <load_address>0x20000b18</load_address>
         <run_address>0x20000b18</run_address>
         <size>0x40</size>
         <input_file_ref idref="fl-da"/>
      </object_component>
      <object_component id="oc-489">
         <name>.data</name>
         <load_address>0x20000b6d</load_address>
         <run_address>0x20000b6d</run_address>
         <size>0x12</size>
         <input_file_ref idref="fl-e1"/>
      </object_component>
      <object_component id="oc-1cc">
         <name>.bss:sReport</name>
         <uninitialized>true</uninitialized>
         <run_address>0x20000664</run_address>
         <size>0x4</size>
         <input_file_ref idref="fl-3"/>
      </object_component>
      <object_component id="oc-1d2">
         <name>.bss:g_pui32ADCData</name>
         <uninitialized>true</uninitialized>
         <run_address>0x20000650</run_address>
         <size>0xc</size>
         <input_file_ref idref="fl-3"/>
      </object_component>
      <object_component id="oc-1cf">
         <name>.bss</name>
         <uninitialized>true</uninitialized>
         <run_address>0x20000668</run_address>
         <size>0x4</size>
         <input_file_ref idref="fl-3"/>
      </object_component>
      <object_component id="oc-aa">
         <name>.bss</name>
         <uninitialized>true</uninitialized>
         <run_address>0x2000065c</run_address>
         <size>0x8</size>
         <input_file_ref idref="fl-6"/>
      </object_component>
      <object_component id="oc-10a">
         <name>.bss:g_pcUARTTxBuffer</name>
         <uninitialized>true</uninitialized>
         <run_address>0x20000000</run_address>
         <size>0x400</size>
         <input_file_ref idref="fl-6"/>
      </object_component>
      <object_component id="oc-ad">
         <name>.bss:g_pcUARTRxBuffer</name>
         <uninitialized>true</uninitialized>
         <run_address>0x20000510</run_address>
         <size>0x80</size>
         <input_file_ref idref="fl-6"/>
      </object_component>
      <object_component id="oc-32e">
         <name>.bss:g_pui8DataBufferIn</name>
         <uninitialized>true</uninitialized>
         <run_address>0x200005e0</run_address>
         <size>0x40</size>
         <input_file_ref idref="fl-d8"/>
      </object_component>
      <object_component id="oc-152">
         <name>.bss:g_psDCDInst</name>
         <uninitialized>true</uninitialized>
         <run_address>0x20000590</run_address>
         <size>0x50</size>
         <input_file_ref idref="fl-d8"/>
      </object_component>
      <object_component id="oc-5d7">
         <name>.bss:g_psUSBDMAInst</name>
         <uninitialized>true</uninitialized>
         <run_address>0x20000400</run_address>
         <size>0x110</size>
         <input_file_ref idref="fl-dc"/>
      </object_component>
      <object_component id="oc-1c6">
         <name>.common:g_iGamepadState</name>
         <uninitialized>true</uninitialized>
         <run_address>0x20000678</run_address>
         <size>0x1</size>
      </object_component>
      <object_component id="oc-293">
         <name>.common:g_pfnUSBModeCallback</name>
         <uninitialized>true</uninitialized>
         <run_address>0x2000066c</run_address>
         <size>0x4</size>
      </object_component>
      <object_component id="oc-224">
         <name>.common:g_pfnTickHandlers</name>
         <uninitialized>true</uninitialized>
         <run_address>0x20000620</run_address>
         <size>0x18</size>
      </object_component>
      <object_component id="oc-227">
         <name>.common:g_pvTickInstance</name>
         <uninitialized>true</uninitialized>
         <run_address>0x20000638</run_address>
         <size>0x18</size>
      </object_component>
      <object_component id="oc-500">
         <name>.common:g_ui32ULPISupport</name>
         <uninitialized>true</uninitialized>
         <run_address>0x20000674</run_address>
         <size>0x4</size>
      </object_component>
      <object_component id="oc-14f">
         <name>.common:g_ppsDevInfo</name>
         <uninitialized>true</uninitialized>
         <run_address>0x20000670</run_address>
         <size>0x4</size>
      </object_component>
      <object_component id="oc-24">
         <name>.stack</name>
         <uninitialized>true</uninitialized>
         <run_address>0x20000680</run_address>
         <size>0x4</size>
         <input_file_ref idref="fl-c6"/>
      </object_component>
      <object_component id="oc-812">
         <name>.stack</name>
         <uninitialized>true</uninitialized>
         <run_address>0x20000680</run_address>
         <size>0x0</size>
      </object_component>
      <object_component id="oc-4d">
         <name>.debug_info</name>
         <load_address>0x0</load_address>
         <run_address>0x0</run_address>
         <size>0x2f8</size>
         <input_file_ref idref="fl-2"/>
      </object_component>
      <object_component id="oc-13">
         <name>.debug_info</name>
         <load_address>0x2f8</load_address>
         <run_address>0x2f8</run_address>
         <size>0xd9</size>
         <input_file_ref idref="fl-2"/>
      </object_component>
      <object_component id="oc-2b">
         <name>.debug_info</name>
         <load_address>0x3d1</load_address>
         <run_address>0x3d1</run_address>
         <size>0x109</size>
         <input_file_ref idref="fl-2"/>
      </object_component>
      <object_component id="oc-2e">
         <name>.debug_info</name>
         <load_address>0x4da</load_address>
         <run_address>0x4da</run_address>
         <size>0xfa</size>
         <input_file_ref idref="fl-2"/>
      </object_component>
      <object_component id="oc-3a">
         <name>.debug_info</name>
         <load_address>0x5d4</load_address>
         <run_address>0x5d4</run_address>
         <size>0x112</size>
         <input_file_ref idref="fl-2"/>
      </object_component>
      <object_component id="oc-34">
         <name>.debug_info</name>
         <load_address>0x6e6</load_address>
         <run_address>0x6e6</run_address>
         <size>0x100</size>
         <input_file_ref idref="fl-2"/>
      </object_component>
      <object_component id="oc-cf">
         <name>.debug_info</name>
         <load_address>0x7e6</load_address>
         <run_address>0x7e6</run_address>
         <size>0x26b</size>
         <input_file_ref idref="fl-2"/>
      </object_component>
      <object_component id="oc-54">
         <name>.debug_info</name>
         <load_address>0xa51</load_address>
         <run_address>0xa51</run_address>
         <size>0x84</size>
         <input_file_ref idref="fl-2"/>
      </object_component>
      <object_component id="oc-118">
         <name>.debug_info</name>
         <load_address>0xad5</load_address>
         <run_address>0xad5</run_address>
         <size>0x2a4</size>
         <input_file_ref idref="fl-2"/>
      </object_component>
      <object_component id="oc-b6">
         <name>.debug_info</name>
         <load_address>0xd79</load_address>
         <run_address>0xd79</run_address>
         <size>0xbb</size>
         <input_file_ref idref="fl-2"/>
      </object_component>
      <object_component id="oc-1c7">
         <name>.debug_info</name>
         <load_address>0xe34</load_address>
         <run_address>0xe34</run_address>
         <size>0x7ff</size>
         <input_file_ref idref="fl-3"/>
      </object_component>
      <object_component id="oc-1cd">
         <name>.debug_info</name>
         <load_address>0x1633</load_address>
         <run_address>0x1633</run_address>
         <size>0xd2</size>
         <input_file_ref idref="fl-3"/>
      </object_component>
      <object_component id="oc-1d3">
         <name>.debug_info</name>
         <load_address>0x1705</load_address>
         <run_address>0x1705</run_address>
         <size>0xe0</size>
         <input_file_ref idref="fl-3"/>
      </object_component>
      <object_component id="oc-1d0">
         <name>.debug_info</name>
         <load_address>0x17e5</load_address>
         <run_address>0x17e5</run_address>
         <size>0xde</size>
[...]
      </symbol>
      <symbol id="sm-318">
         <name>__aeabi_memclr</name>
         <value>0x1e4b</value>
         <object_component_ref idref="oc-e9"/>
      </symbol>
      <symbol id="sm-340">
         <name>__TI_auto_init_nobinit_nopinit</name>
         <value>0x2bf1</value>
         <object_component_ref idref="oc-1e2"/>
      </symbol>
      <symbol id="sm-34a">
         <name>_system_pre_init</name>
         <value>0x398b</value>
         <object_component_ref idref="oc-ef"/>
      </symbol>
      <symbol id="sm-356">
         <name>C$$EXIT</name>
         <value>0x398f</value>
         <object_component_ref idref="oc-1d6"/>
      </symbol>
      <symbol id="sm-357">
         <name>abort</name>
         <value>0x398f</value>
         <object_component_ref idref="oc-1d6"/>
      </symbol>
      <symbol id="sm-389">
         <name>ADCProcessorTrigger</name>
         <value>0x363d</value>
         <object_component_ref idref="oc-196"/>
      </symbol>
      <symbol id="sm-38a">
         <name>ADCIntClear</name>
         <value>0x38e3</value>
         <object_component_ref idref="oc-1a8"/>
      </symbol>
      <symbol id="sm-38b">
         <name>ADCIntStatus</name>
         <value>0x31b5</value>
         <object_component_ref idref="oc-1a2"/>
      </symbol>
      <symbol id="sm-38c">
         <name>ADCSequenceDataGet</name>
         <value>0x34ed</value>
         <object_component_ref idref="oc-1ae"/>
      </symbol>
      <symbol id="sm-3e9">
         <name>IntIsEnabled</name>
         <value>0x2361</value>
         <object_component_ref idref="oc-711"/>
      </symbol>
      <symbol id="sm-3ea">
         <name>IntEnable</name>
         <value>0x21c9</value>
         <object_component_ref idref="oc-4fa"/>
      </symbol>
      <symbol id="sm-3eb">
         <name>IntDisable</name>
         <value>0x2161</value>
         <object_component_ref idref="oc-717"/>
      </symbol>
      <symbol id="sm-3ec">
         <name>IntMasterDisable</name>
         <value>0x37f9</value>
         <object_component_ref idref="oc-1ba"/>
      </symbol>
      <symbol id="sm-3ed">
         <name>IntMasterEnable</name>
         <value>0x3809</value>
         <object_component_ref idref="oc-1c0"/>
      </symbol>
      <symbol id="sm-421">
         <name>SysCtlGPIOAHBEnable</name>
         <value>0x3565</value>
         <object_component_ref idref="oc-178"/>
      </symbol>
      <symbol id="sm-422">
         <name>SysCtlPeripheralEnable</name>
         <value>0x2f29</value>
         <object_component_ref idref="oc-4a0"/>
      </symbol>
      <symbol id="sm-423">
         <name>SysCtlUSBPLLEnable</name>
         <value>0x3715</value>
         <object_component_ref idref="oc-4a6"/>
      </symbol>
      <symbol id="sm-424">
         <name>SysCtlPeripheralReset</name>
         <value>0x2701</value>
         <object_component_ref idref="oc-49a"/>
      </symbol>
      <symbol id="sm-431">
         <name>UARTClockSourceSet</name>
         <value>0x3961</value>
         <object_component_ref idref="oc-270"/>
      </symbol>
      <symbol id="sm-443">
         <name>CPUcpsie</name>
         <value>0x38b3</value>
         <object_component_ref idref="oc-2c4"/>
      </symbol>
      <symbol id="sm-444">
         <name>CPUcpsid</name>
         <value>0x38a7</value>
         <object_component_ref idref="oc-2bd"/>
      </symbol>
      <symbol id="sm-483">
         <name>g_iUSBMode</name>
         <value>0x20000b8c</value>
         <object_component_ref idref="oc-290"/>
      </symbol>
      <symbol id="sm-484">
         <name>USBStackModeSet</name>
         <value>0x3421</value>
         <object_component_ref idref="oc-18a"/>
      </symbol>
      <symbol id="sm-485">
         <name>g_ui32WaitTicks</name>
         <value>0x20000b90</value>
         <object_component_ref idref="oc-290"/>
      </symbol>
      <symbol id="sm-4bd">
         <name>g_pfnTickHandlers</name>
         <value>0x20000620</value>
      </symbol>
      <symbol id="sm-4be">
         <name>g_pvTickInstance</name>
         <value>0x20000638</value>
      </symbol>
      <symbol id="sm-4bf">
         <name>g_ui32USBSOFCount</name>
         <value>0x20000b88</value>
         <object_component_ref idref="oc-155"/>
      </symbol>
      <symbol id="sm-4c0">
         <name>g_bUSBTimerInitialized</name>
         <value>0x20000b80</value>
         <object_component_ref idref="oc-155"/>
      </symbol>
      <symbol id="sm-4c1">
         <name>g_ui32CurrentUSBTick</name>
         <value>0x20000b84</value>
         <object_component_ref idref="oc-155"/>
      </symbol>
      <symbol id="sm-4c2">
         <name>InternalUSBStartOfFrameTick</name>
         <value>0x2de1</value>
         <object_component_ref idref="oc-12b"/>
      </symbol>
      <symbol id="sm-4c3">
         <name>InternalUSBRegisterTickHandler</name>
         <value>0x2da9</value>
         <object_component_ref idref="oc-480"/>
      </symbol>
      <symbol id="sm-4c4">
         <name>InternalUSBTickInit</name>
         <value>0x3125</value>
         <object_component_ref idref="oc-47a"/>
      </symbol>
      <symbol id="sm-660">
         <name>g_ppsDevInfo</name>
         <value>0x20000670</value>
      </symbol>
      <symbol id="sm-661">
         <name>USBDCDSendDataEP0</name>
         <value>0x373d</value>
         <object_component_ref idref="oc-6b2"/>
      </symbol>
      <symbol id="sm-662">
         <name>USBDCDStallEP0</name>
         <value>0x359d</value>
         <object_component_ref idref="oc-328"/>
      </symbol>
      <symbol id="sm-663">
         <name>USBDCDRequestDataEP0</name>
         <value>0x3729</value>
         <object_component_ref idref="oc-6b9"/>
      </symbol>
      <symbol id="sm-664">
         <name>USBDeviceEnumHandler</name>
         <value>0x123d</value>
         <object_component_ref idref="oc-143"/>
      </symbol>
      <symbol id="sm-665">
         <name>USBDCDInit</name>
         <value>0x939</value>
         <object_component_ref idref="oc-396"/>
      </symbol>
      <symbol id="sm-666">
         <name>USBDeviceEnumResetHandler</name>
         <value>0x2a91</value>
         <object_component_ref idref="oc-11f"/>
      </symbol>
      <symbol id="sm-667">
         <name>g_psDCDInst</name>
         <value>0x20000590</value>
         <object_component_ref idref="oc-152"/>
      </symbol>
      <symbol id="sm-668">
         <name>USBDCDDeviceInfoInit</name>
         <value>0x2b69</value>
         <object_component_ref idref="oc-46e"/>
      </symbol>
      <symbol id="sm-669">
         <name>USBDeviceIntHandlerInternal</name>
         <value>0xbd9</value>
         <object_component_ref idref="oc-c1"/>
      </symbol>
      <symbol id="sm-66a">
         <name>USBDeviceResumeTickHandler</name>
         <value>0x27a1</value>
         <object_component_ref idref="oc-125"/>
      </symbol>
      <symbol id="sm-676">
         <name>USB0DeviceIntHandler</name>
         <value>0x3685</value>
         <object_component_ref idref="oc-45"/>
      </symbol>
      <symbol id="sm-6f7">
         <name>USBDHIDGamepadCompositeInit</name>
         <value>0x1749</value>
         <object_component_ref idref="oc-297"/>
      </symbol>
      <symbol id="sm-6f8">
         <name>USBDHIDGamepadInit</name>
         <value>0x3185</value>
         <object_component_ref idref="oc-190"/>
      </symbol>
      <symbol id="sm-6f9">
         <name>USBDHIDGamepadSendReport</name>
         <value>0x2cb5</value>
         <object_component_ref idref="oc-1b4"/>
      </symbol>
      <symbol id="sm-71c">
         <name>USBDescGet</name>
         <value>0x3211</value>
         <object_component_ref idref="oc-799"/>
      </symbol>
      <symbol id="sm-71d">
         <name>USBDescGetNum</name>
         <value>0x3293</value>
         <object_component_ref idref="oc-69c"/>
      </symbol>
      <symbol id="sm-862">
         <name>USBLibDMAInit</name>
         <value>0x7d9</value>
         <object_component_ref idref="oc-4e2"/>
      </symbol>
      <symbol id="sm-86f">
         <name>ULPIConfigSet</name>
         <value>0x26ad</value>
         <object_component_ref idref="oc-4b8"/>
      </symbol>
      <symbol id="sm-8c0">
         <name>USBDCDConfigDescGet</name>
         <value>0x2751</value>
         <object_component_ref idref="oc-67c"/>
      </symbol>
      <symbol id="sm-8c1">
         <name>USBDCDConfigGetInterface</name>
         <value>0x3581</value>
         <object_component_ref idref="oc-547"/>
      </symbol>
      <symbol id="sm-8c2">
         <name>USBDCDConfigDescGetSize</name>
         <value>0x3609</value>
         <object_component_ref idref="oc-335"/>
      </symbol>
      <symbol id="sm-8c3">
         <name>USBDCDConfigGetInterfaceEndpoint</name>
         <value>0x2e19</value>
         <object_component_ref idref="oc-468"/>
      </symbol>
      <symbol id="sm-8c4">
         <name>USBDCDConfigDescGetNum</name>
         <value>0x3269</value>
         <object_component_ref idref="oc-541"/>
      </symbol>
      <symbol id="sm-911">
         <name>USBDeviceConfigAlternate</name>
         <value>0x1a25</value>
         <object_component_ref idref="oc-54d"/>
      </symbol>
      <symbol id="sm-912">
         <name>USBDeviceConfig</name>
         <value>0xd29</value>
         <object_component_ref idref="oc-539"/>
      </symbol>
      <symbol id="sm-a56">
         <name>USBDHIDInit</name>
         <value>0x33b1</value>
         <object_component_ref idref="oc-29d"/>
      </symbol>
      <symbol id="sm-a57">
         <name>USBDHIDReportWrite</name>
         <value>0x296b</value>
         <object_component_ref idref="oc-2b6"/>
      </symbol>
      <symbol id="sm-a58">
         <name>g_sHIDHandlers</name>
         <value>0x3a9c</value>
         <object_component_ref idref="oc-486"/>
      </symbol>
      <symbol id="sm-a59">
         <name>USBDHIDCompositeInit</name>
         <value>0x115d</value>
         <object_component_ref idref="oc-380"/>
      </symbol>
      <symbol id="sm-a5a">
         <name>g_pui8HIDDeviceDescriptor</name>
         <value>0x20000b6d</value>
         <object_component_ref idref="oc-489"/>
      </symbol>
      <symbol id="sm-a5b">
         <name>USBDHIDTxPacketAvailable</name>
         <value>0x3845</value>
         <object_component_ref idref="oc-2b0"/>
      </symbol>
      <symbol id="sm-aa6">
         <name>uDMAChannelControlSet</name>
         <value>0x3445</value>
         <object_component_ref idref="oc-6f0"/>
      </symbol>
      <symbol id="sm-aa7">
         <name>uDMAChannelDisable</name>
         <value>0x36cd</value>
         <object_component_ref idref="oc-70a"/>
      </symbol>
      <symbol id="sm-aa8">
         <name>uDMAChannelModeGet</name>
         <value>0x3389</value>
         <object_component_ref idref="oc-72f"/>
      </symbol>
      <symbol id="sm-aa9">
         <name>uDMAChannelTransferSet</name>
         <value>0x1ccd</value>
         <object_component_ref idref="oc-73e"/>
      </symbol>
      <symbol id="sm-aaa">
         <name>uDMAChannelAttributeDisable</name>
         <value>0x2ad9</value>
         <object_component_ref idref="oc-6fd"/>
      </symbol>
      <symbol id="sm-aab">
         <name>uDMAChannelEnable</name>
         <value>0x36e5</value>
         <object_component_ref idref="oc-723"/>
      </symbol>
      <symbol id="sm-c5a">
         <name>USBLPMIntEnable</name>
         <value>0x38cb</value>
         <object_component_ref idref="oc-4dc"/>
      </symbol>
      <symbol id="sm-c5b">
         <name>USBEndpointDataAvail</name>
         <value>0x35b9</value>
         <object_component_ref idref="oc-5af"/>
      </symbol>
      <symbol id="sm-c5c">
         <name>USBClockEnable</name>
         <value>0x38ed</value>
         <object_component_ref idref="oc-4ac"/>
      </symbol>
      <symbol id="sm-c5d">
         <name>USBDevDisconnect</name>
         <value>0x391f</value>
         <object_component_ref idref="oc-149"/>
      </symbol>
      <symbol id="sm-c5e">
         <name>USBDevEndpointStallClear</name>
         <value>0x29b5</value>
         <object_component_ref idref="oc-527"/>
      </symbol>
      <symbol id="sm-c5f">
         <name>USBEndpointDataPut</name>
         <value>0x2ebf</value>
         <object_component_ref idref="oc-33b"/>
      </symbol>
      <symbol id="sm-c60">
         <name>USBDMAChannelIntStatus</name>
         <value>0x3967</value>
         <object_component_ref idref="oc-761"/>
      </symbol>
      <symbol id="sm-c61">
         <name>USBDevAddrSet</name>
         <value>0x3987</value>
         <object_component_ref idref="oc-238"/>
      </symbol>
      <symbol id="sm-c62">
         <name>USBDMAChannelCountSet</name>
         <value>0x390b</value>
         <object_component_ref idref="oc-77c"/>
      </symbol>
      <symbol id="sm-c63">
         <name>USBLPMIntStatus</name>
         <value>0x3973</value>
         <object_component_ref idref="oc-131"/>
      </symbol>
      <symbol id="sm-c64">
         <name>USBDMAChannelAddressSet</name>
         <value>0x3901</value>
         <object_component_ref idref="oc-776"/>
      </symbol>
      <symbol id="sm-c65">
         <name>USBULPIDisable</name>
         <value>0x387d</value>
         <object_component_ref idref="oc-4be"/>
      </symbol>
      <symbol id="sm-c66">
         <name>USBIntStatusControl</name>
         <value>0x2e51</value>
         <object_component_ref idref="oc-bb"/>
      </symbol>
      <symbol id="sm-c67">
         <name>USBEndpointDMADisable</name>
         <value>0x33d7</value>
         <object_component_ref idref="oc-703"/>
      </symbol>
      <symbol id="sm-c68">
         <name>USBDevEndpointDataAck</name>
         <value>0x32bd</value>
         <object_component_ref idref="oc-244"/>
      </symbol>
      <symbol id="sm-c69">
         <name>USBOTGMode</name>
         <value>0x3943</value>
         <object_component_ref idref="oc-4c4"/>
      </symbol>
      <symbol id="sm-c6a">
         <name>USBDMAChannelConfigSet</name>
         <value>0x3751</value>
         <object_component_ref idref="oc-782"/>
      </symbol>
      <symbol id="sm-c6b">
         <name>USBULPIRegRead</name>
         <value>0x3529</value>
         <object_component_ref idref="oc-5bd"/>
      </symbol>
      <symbol id="sm-c6c">
         <name>USBDevMode</name>
         <value>0x3933</value>
         <object_component_ref idref="oc-4ca"/>
      </symbol>
      <symbol id="sm-c6d">
         <name>USBIntEnableEndpoint</name>
         <value>0x36fd</value>
         <object_component_ref idref="oc-4ee"/>
      </symbol>
      <symbol id="sm-c6e">
         <name>USBEndpointDataGet</name>
         <value>0x2b21</value>
         <object_component_ref idref="oc-23e"/>
      </symbol>
      <symbol id="sm-c6f">
         <name>USBDevEndpointStatusClear</name>
         <value>0x2549</value>
         <object_component_ref idref="oc-232"/>
      </symbol>
      <symbol id="sm-c70">
         <name>USBULPIEnable</name>
         <value>0x388b</value>
         <object_component_ref idref="oc-4b2"/>
      </symbol>
      <symbol id="sm-c71">
         <name>USBFIFOAddrGet</name>
         <value>0x393b</value>
         <object_component_ref idref="oc-738"/>
      </symbol>
      <symbol id="sm-c72">
         <name>USBDMAChannelStatus</name>
         <value>0x3853</value>
         <object_component_ref idref="oc-75a"/>
      </symbol>
      <symbol id="sm-c73">
         <name>USBULPIRegWrite</name>
         <value>0x3547</value>
         <object_component_ref idref="oc-5c3"/>
      </symbol>
      <symbol id="sm-c74">
         <name>USBDMAChannelIntEnable</name>
         <value>0x37e7</value>
         <object_component_ref idref="oc-768"/>
      </symbol>
      <symbol id="sm-c75">
         <name>USBDevLPMConfig</name>
         <value>0x396d</value>
         <object_component_ref idref="oc-4d6"/>
      </symbol>
      <symbol id="sm-c76">
         <name>USBDevLPMEnable</name>
         <value>0x386f</value>
         <object_component_ref idref="oc-137"/>
      </symbol>
      <symbol id="sm-c77">
         <name>USBControllerVersion</name>
         <value>0x38f7</value>
         <object_component_ref idref="oc-5d1"/>
      </symbol>
      <symbol id="sm-c78">
         <name>USBFIFOConfigSet</name>
         <value>0x2d6d</value>
         <object_component_ref idref="oc-694"/>
      </symbol>
      <symbol id="sm-c79">
         <name>USBEndpointDMAEnable</name>
         <value>0x33fb</value>
         <object_component_ref idref="oc-71d"/>
      </symbol>
      <symbol id="sm-c7a">
         <name>USBDevLPMDisable</name>
         <value>0x3861</value>
         <object_component_ref idref="oc-4d0"/>
      </symbol>
      <symbol id="sm-c7b">
         <name>USBEndpointDataSend</name>
         <value>0x2f5d</value>
         <object_component_ref idref="oc-341"/>
      </symbol>
      <symbol id="sm-c7c">
         <name>USBIntStatusEndpoint</name>
         <value>0x3929</value>
         <object_component_ref idref="oc-13d"/>
      </symbol>
      <symbol id="sm-c7d">
         <name>USBEndpointStatus</name>
         <value>0x3819</value>
         <object_component_ref idref="oc-22c"/>
      </symbol>
      <symbol id="sm-c7e">
         <name>USBEndpointPacketCountSet</name>
         <value>0x38bf</value>
         <object_component_ref idref="oc-744"/>
      </symbol>
      <symbol id="sm-c7f">
         <name>USBDMAChannelIntDisable</name>
         <value>0x37d5</value>
         <object_component_ref idref="oc-76f"/>
      </symbol>
      <symbol id="sm-c80">
         <name>USBEndpointDMAConfigSet</name>
         <value>0x2889</value>
         <object_component_ref idref="oc-74a"/>
      </symbol>
      <symbol id="sm-c81">
         <name>USBDevEndpointStall</name>
         <value>0x308f</value>
         <object_component_ref idref="oc-404"/>
      </symbol>
      <symbol id="sm-c82">
         <name>USBDevConnect</name>
         <value>0x3915</value>
         <object_component_ref idref="oc-4f4"/>
      </symbol>
      <symbol id="sm-c83">
         <name>USBDevEndpointConfigSet</name>
         <value>0x1dd1</value>
         <object_component_ref idref="oc-688"/>
      </symbol>
      <symbol id="sm-c84">
         <name>USBDMAChannelDisable</name>
         <value>0x37b1</value>
         <object_component_ref idref="oc-753"/>
      </symbol>
      <symbol id="sm-c85">
         <name>USBDMAChannelEnable</name>
         <value>0x37c3</value>
         <object_component_ref idref="oc-788"/>
      </symbol>
      <symbol id="sm-c86">
         <name>USBHostResume</name>
         <value>0x3765</value>
         <object_component_ref idref="oc-21d"/>
      </symbol>
      <symbol id="sm-c87">
         <name>USBIntEnableControl</name>
         <value>0x3361</value>
         <object_component_ref idref="oc-4e8"/>
      </symbol>
      <symbol id="sm-c88">
         <name>USBEndpointDMAChannel</name>
         <value>0x3623</value>
         <object_component_ref idref="oc-6f7"/>
      </symbol>
      <symbol id="sm-c89">
         <name>__TI_static_base__</name>
         <value>0x0</value>
      </symbol>
      <symbol id="sm-c8c">
         <name>__mpu_init</name>
         <value>0x0</value>
      </symbol>
      <symbol id="sm-c8d">
         <name>_system_post_cinit</name>
         <value>0x0</value>
      </symbol>
   </symbol_table>
   <title>Link successful</title>
</link_info>
